INFO  [alembic.runtime.migration] Context impl PostgresqlImpl.
INFO  [alembic.runtime.migration] Generating static SQL
INFO  [alembic.runtime.migration] Will assume transactional DDL.
BEGIN;

INFO  [alembic.runtime.migration] Running upgrade 20260909_05 -> 20260909_06, TEST_ONLY atomic campaign/leg/signal-preview/outbox records.
-- Running upgrade 20260909_05 -> 20260909_06

CREATE TABLE public.strategy_5scr_transaction_a_campaigns_v31 (
            record_id uuid PRIMARY KEY, reservation_id uuid NOT NULL UNIQUE,
            account_id text NOT NULL REFERENCES public.strategy_5scr_capacity_ledgers_v31(account_id),
            tradeplan_id uuid NOT NULL, tradeplan_revision integer NOT NULL,
            campaign_id uuid NOT NULL,parent_leg_id uuid NOT NULL,signal_id uuid NOT NULL,
            request_hash text NOT NULL,payload_hash text NOT NULL,payload text NOT NULL,
            CHECK ((payload::jsonb->>'profile'='TEST_ONLY') IS TRUE),
            CHECK ((payload::jsonb->>'execution_authority'='false') IS TRUE),
            CHECK ((payload::jsonb->>'capital_reservation_authority'='false') IS TRUE),
            UNIQUE(record_id,reservation_id), FOREIGN KEY(tradeplan_id,tradeplan_revision) REFERENCES public.strategy_5scr_candidate_revisions_v31(tradeplan_id,revision), CHECK(record_id=campaign_id));

CREATE TABLE public.strategy_5scr_transaction_a_parent_legs_v31 (
            record_id uuid PRIMARY KEY, reservation_id uuid NOT NULL UNIQUE,
            account_id text NOT NULL REFERENCES public.strategy_5scr_capacity_ledgers_v31(account_id),
            tradeplan_id uuid NOT NULL, tradeplan_revision integer NOT NULL,
            campaign_id uuid NOT NULL,parent_leg_id uuid NOT NULL,signal_id uuid NOT NULL,
            request_hash text NOT NULL,payload_hash text NOT NULL,payload text NOT NULL,
            CHECK ((payload::jsonb->>'profile'='TEST_ONLY') IS TRUE),
            CHECK ((payload::jsonb->>'execution_authority'='false') IS TRUE),
            CHECK ((payload::jsonb->>'capital_reservation_authority'='false') IS TRUE),
            UNIQUE(record_id,reservation_id), FOREIGN KEY(campaign_id,reservation_id) REFERENCES public.strategy_5scr_transaction_a_campaigns_v31(record_id,reservation_id), CHECK(record_id=parent_leg_id));

CREATE TABLE public.strategy_5scr_transaction_a_signal_previews_v31 (
            record_id uuid PRIMARY KEY, reservation_id uuid NOT NULL UNIQUE,
            account_id text NOT NULL REFERENCES public.strategy_5scr_capacity_ledgers_v31(account_id),
            tradeplan_id uuid NOT NULL, tradeplan_revision integer NOT NULL,
            campaign_id uuid NOT NULL,parent_leg_id uuid NOT NULL,signal_id uuid NOT NULL,
            request_hash text NOT NULL,payload_hash text NOT NULL,payload text NOT NULL,
            CHECK ((payload::jsonb->>'profile'='TEST_ONLY') IS TRUE),
            CHECK ((payload::jsonb->>'execution_authority'='false') IS TRUE),
            CHECK ((payload::jsonb->>'capital_reservation_authority'='false') IS TRUE),
            UNIQUE(record_id,reservation_id), FOREIGN KEY(parent_leg_id,reservation_id) REFERENCES public.strategy_5scr_transaction_a_parent_legs_v31(record_id,reservation_id), CHECK(record_id=signal_id));

CREATE TABLE public.strategy_5scr_transaction_a_outbox_v31 (
            record_id uuid PRIMARY KEY, reservation_id uuid NOT NULL UNIQUE,
            account_id text NOT NULL REFERENCES public.strategy_5scr_capacity_ledgers_v31(account_id),
            tradeplan_id uuid NOT NULL, tradeplan_revision integer NOT NULL,
            campaign_id uuid NOT NULL,parent_leg_id uuid NOT NULL,signal_id uuid NOT NULL,
            request_hash text NOT NULL,payload_hash text NOT NULL,payload text NOT NULL,
            CHECK ((payload::jsonb->>'profile'='TEST_ONLY') IS TRUE),
            CHECK ((payload::jsonb->>'execution_authority'='false') IS TRUE),
            CHECK ((payload::jsonb->>'capital_reservation_authority'='false') IS TRUE),
            FOREIGN KEY(signal_id,reservation_id) REFERENCES public.strategy_5scr_transaction_a_signal_previews_v31(record_id,reservation_id), CHECK ((payload::jsonb->>'status'='NON_DELIVERABLE_TEST_ONLY') IS TRUE));

CREATE FUNCTION public.guard_5scr_transaction_a_v31() RETURNS trigger LANGUAGE plpgsql AS $$
    DECLARE expected_token uuid;
    BEGIN
        IF TG_OP<>'INSERT' THEN RAISE EXCEPTION 'TRANSACTION_A_RECORD_IMMUTABLE'; END IF;
        SELECT token INTO expected_token FROM public.strategy_5scr_capacity_ledgers_v31 WHERE account_id=NEW.account_id FOR UPDATE;
        IF expected_token IS NULL OR expected_token::text IS DISTINCT FROM current_setting('wolf15.capacity_owner_token',true)
        THEN RAISE EXCEPTION 'TRANSACTION_A_OWNER_FENCED'; END IF;
        RETURN NEW;
    END; $$;

CREATE TRIGGER guard_5scr_transaction_a_v31 BEFORE INSERT OR UPDATE OR DELETE
            ON public.strategy_5scr_transaction_a_campaigns_v31 FOR EACH ROW EXECUTE FUNCTION public.guard_5scr_transaction_a_v31();

CREATE TRIGGER guard_5scr_transaction_a_v31 BEFORE INSERT OR UPDATE OR DELETE
            ON public.strategy_5scr_transaction_a_parent_legs_v31 FOR EACH ROW EXECUTE FUNCTION public.guard_5scr_transaction_a_v31();

CREATE TRIGGER guard_5scr_transaction_a_v31 BEFORE INSERT OR UPDATE OR DELETE
            ON public.strategy_5scr_transaction_a_signal_previews_v31 FOR EACH ROW EXECUTE FUNCTION public.guard_5scr_transaction_a_v31();

CREATE TRIGGER guard_5scr_transaction_a_v31 BEFORE INSERT OR UPDATE OR DELETE
            ON public.strategy_5scr_transaction_a_outbox_v31 FOR EACH ROW EXECUTE FUNCTION public.guard_5scr_transaction_a_v31();

UPDATE alembic_version SET version_num='20260909_06' WHERE alembic_version.version_num = '20260909_05';

COMMIT;

